{
  "timestamp": "2026-07-09T09:45:17.265Z",
  "method": "POST",
  "url": "/api/auth/login",
  "headers": {
    "cache-control": "no-cache",
    "postman-token": "<calculated when request is sent>",
    "content-length": "0",
    "host": "<calculated when request is sent>",
    "user-agent": "PostmanRuntime/7.39.1",
    "accept": "*/*",
    "accept-encoding": "gzip, deflate, br",
    "connection": "keep-alive",
    "is-encrypt": "false",
    "content-type": "application/json"
  },
  "body": {},
  "error": {
    "name": "ZodError",
    "message": "[\n  {\n    \"expected\": \"string\",\n    \"code\": \"invalid_type\",\n    \"path\": [\n      \"body\",\n      \"email\"\n    ],\n    \"message\": \"Invalid input: expected string, received undefined\"\n  },\n  {\n    \"expected\": \"string\",\n    \"code\": \"invalid_type\",\n    \"path\": [\n      \"body\",\n      \"password\"\n    ],\n    \"message\": \"Invalid input: expected string, received undefined\"\n  }\n]"
  }
}